
> app-temp@0.1.0 build
> next build

  Γû▓ Next.js 14.2.15
  - Environments: .env

   Creating an optimized production build ...
node.exe : Failed to 
compile.
At line:1 char:1
+ & "C:\Program 
Files\nodejs/node.exe" 
"C:\Program 
Files\nodejs/node_mo 
...
+ ~~~~~~~~~~~~~~~~~~~~~
~~~~~~~~~~~~~~~~~~~~~~~
~~~~~~~~~~~~~~~~~~~~~~~
~~
    + CategoryInfo     
         : 
NotSpecified: (Fai    
led to compile.:String 
   ) [], 
RemoteException
    + 
FullyQualifiedErrorI   
 d : NativeCommandError
 

./src/app/login/page.ts
x
Module not found: 
Can't resolve 
'@/lib/utils'

https://nextjs.org/docs
/messages/module-not-fo
und

./src/components/Sideba
r.tsx
Module not found: 
Can't resolve 
'@/lib/utils'

https://nextjs.org/docs
/messages/module-not-fo
und

./src/components/ui/but
ton.tsx
Module not found: 
Can't resolve 'class-va
riance-authority'

https://nextjs.org/docs
/messages/module-not-fo
und

Import trace for 
requested module:
./src/components/Sideba
r.tsx

./src/components/ui/but
ton.tsx
Module not found: 
Can't resolve 
'@/lib/utils'

https://nextjs.org/docs
/messages/module-not-fo
und

Import trace for 
requested module:
./src/components/Sideba
r.tsx

./src/components/ui/car
d.tsx
Module not found: 
Can't resolve 
'@/lib/utils'

https://nextjs.org/docs
/messages/module-not-fo
und

Import trace for 
requested module:
./src/app/complaints/ne
w/page.tsx


> Build failed because 
of webpack errors
