src/app/complaints/new/page.tsx(130,39): error TS2322: Type '{ children: string; type: "button"; variant: string; className: string; onClick: () => void; }' is not assignable to type 'IntrinsicAttributes & ButtonProps & RefAttributes<HTMLButtonElement>'.
  Property 'variant' does not exist on type 'IntrinsicAttributes & ButtonProps & RefAttributes<HTMLButtonElement>'.
src/app/login/page.tsx(7,20): error TS2307: Cannot find module '@/lib/utils' or its corresponding type declarations.
src/components/AdminDashboard.tsx(190,23): error TS2322: Type '{ children: string; size: string; className: string; onClick: () => void; disabled: boolean; }' is not assignable to type 'IntrinsicAttributes & ButtonProps & RefAttributes<HTMLButtonElement>'.
  Property 'size' does not exist on type 'IntrinsicAttributes & ButtonProps & RefAttributes<HTMLButtonElement>'.
src/components/AdminDashboard.tsx(198,23): error TS2322: Type '{ children: string; size: string; variant: string; className: string; onClick: () => void; disabled: boolean; }' is not assignable to type 'IntrinsicAttributes & ButtonProps & RefAttributes<HTMLButtonElement>'.
  Property 'size' does not exist on type 'IntrinsicAttributes & ButtonProps & RefAttributes<HTMLButtonElement>'.
src/components/AdminDashboard.tsx(211,29): error TS2322: Type '{ children: string; variant: string; size: string; className: string; }' is not assignable to type 'IntrinsicAttributes & ButtonProps & RefAttributes<HTMLButtonElement>'.
  Property 'variant' does not exist on type 'IntrinsicAttributes & ButtonProps & RefAttributes<HTMLButtonElement>'.
src/components/Sidebar.tsx(8,20): error TS2307: Cannot find module '@/lib/utils' or its corresponding type declarations.
src/components/Sidebar.tsx(74,17): error TS2322: Type '{ children: (string | Element)[]; variant: string; className: string; onClick: () => void; }' is not assignable to type 'IntrinsicAttributes & ButtonProps & RefAttributes<HTMLButtonElement>'.
  Property 'variant' does not exist on type 'IntrinsicAttributes & ButtonProps & RefAttributes<HTMLButtonElement>'.
src/components/Sidebar.tsx(89,17): error TS2322: Type '{ children: Element; variant: string; size: string; onClick: () => void; className: string; }' is not assignable to type 'IntrinsicAttributes & ButtonProps & RefAttributes<HTMLButtonElement>'.
  Property 'variant' does not exist on type 'IntrinsicAttributes & ButtonProps & RefAttributes<HTMLButtonElement>'.
src/components/StudentDashboard.tsx(125,29): error TS2322: Type '{ children: string; variant: string; size: string; className: string; }' is not assignable to type 'IntrinsicAttributes & ButtonProps & RefAttributes<HTMLButtonElement>'.
  Property 'variant' does not exist on type 'IntrinsicAttributes & ButtonProps & RefAttributes<HTMLButtonElement>'.
src/components/StudentDashboard.tsx(131,23): error TS2322: Type '{ children: string; variant: string; size: string; onClick: () => void; disabled: boolean; }' is not assignable to type 'IntrinsicAttributes & ButtonProps & RefAttributes<HTMLButtonElement>'.
  Property 'variant' does not exist on type 'IntrinsicAttributes & ButtonProps & RefAttributes<HTMLButtonElement>'.
src/components/TeacherDashboard.tsx(87,25): error TS2322: Type '{ children: string; size: string; variant: string; onClick: () => void; disabled: boolean; }' is not assignable to type 'IntrinsicAttributes & ButtonProps & RefAttributes<HTMLButtonElement>'.
  Property 'size' does not exist on type 'IntrinsicAttributes & ButtonProps & RefAttributes<HTMLButtonElement>'.
src/components/TeacherDashboard.tsx(97,25): error TS2322: Type '{ children: string; size: string; className: string; onClick: () => void; disabled: boolean; }' is not assignable to type 'IntrinsicAttributes & ButtonProps & RefAttributes<HTMLButtonElement>'.
  Property 'size' does not exist on type 'IntrinsicAttributes & ButtonProps & RefAttributes<HTMLButtonElement>'.
src/components/TeacherDashboard.tsx(110,29): error TS2322: Type '{ children: string; variant: string; size: string; className: string; }' is not assignable to type 'IntrinsicAttributes & ButtonProps & RefAttributes<HTMLButtonElement>'.
  Property 'variant' does not exist on type 'IntrinsicAttributes & ButtonProps & RefAttributes<HTMLButtonElement>'.
src/components/ui/button.tsx(3,40): error TS2307: Cannot find module 'class-variance-authority' or its corresponding type declarations.
src/components/ui/button.tsx(5,20): error TS2307: Cannot find module '@/lib/utils' or its corresponding type declarations.
src/components/ui/button.tsx(43,17): error TS2339: Property 'variant' does not exist on type 'ButtonProps'.
src/components/ui/button.tsx(43,26): error TS2339: Property 'size' does not exist on type 'ButtonProps'.
src/components/ui/card.tsx(3,20): error TS2307: Cannot find module '@/lib/utils' or its corresponding type declarations.
src/components/ui/form.tsx(15,20): error TS2307: Cannot find module '@/lib/utils' or its corresponding type declarations.
src/components/ui/input.tsx(3,20): error TS2307: Cannot find module '@/lib/utils' or its corresponding type declarations.
src/components/ui/label.tsx(5,40): error TS2307: Cannot find module 'class-variance-authority' or its corresponding type declarations.
src/components/ui/label.tsx(7,20): error TS2307: Cannot find module '@/lib/utils' or its corresponding type declarations.
src/components/ui/select.tsx(7,20): error TS2307: Cannot find module '@/lib/utils' or its corresponding type declarations.
src/components/ui/table.tsx(3,20): error TS2307: Cannot find module '@/lib/utils' or its corresponding type declarations.
src/components/ui/textarea.tsx(3,20): error TS2307: Cannot find module '@/lib/utils' or its corresponding type declarations.
